------------------------------------------------------------
Timing Analyzer Summary
------------------------------------------------------------

Type  : Slow 1200mV 85C Model Setup 'binCounter_5bit:cnt|flipFlopDPET:ff0|Q'
Slack : -1.310
TNS   : -1.310

Type  : Slow 1200mV 85C Model Setup 'clk'
Slack : -0.971
TNS   : -3.403

Type  : Slow 1200mV 85C Model Hold 'clk'
Slack : 0.358
TNS   : 0.000

Type  : Slow 1200mV 85C Model Hold 'binCounter_5bit:cnt|flipFlopDPET:ff0|Q'
Slack : 1.416
TNS   : 0.000

Type  : Slow 1200mV 85C Model Minimum Pulse Width 'clk'
Slack : -3.000
TNS   : -17.000

Type  : Slow 1200mV 85C Model Minimum Pulse Width 'binCounter_5bit:cnt|flipFlopDPET:ff0|Q'
Slack : -1.000
TNS   : -1.000

Type  : Slow 1200mV 0C Model Setup 'binCounter_5bit:cnt|flipFlopDPET:ff0|Q'
Slack : -1.117
TNS   : -1.117

Type  : Slow 1200mV 0C Model Setup 'clk'
Slack : -0.746
TNS   : -2.575

Type  : Slow 1200mV 0C Model Hold 'clk'
Slack : 0.318
TNS   : 0.000

Type  : Slow 1200mV 0C Model Hold 'binCounter_5bit:cnt|flipFlopDPET:ff0|Q'
Slack : 1.335
TNS   : 0.000

Type  : Slow 1200mV 0C Model Minimum Pulse Width 'clk'
Slack : -3.000
TNS   : -17.000

Type  : Slow 1200mV 0C Model Minimum Pulse Width 'binCounter_5bit:cnt|flipFlopDPET:ff0|Q'
Slack : -1.000
TNS   : -1.000

Type  : Fast 1200mV 0C Model Setup 'binCounter_5bit:cnt|flipFlopDPET:ff0|Q'
Slack : -0.564
TNS   : -0.564

Type  : Fast 1200mV 0C Model Setup 'clk'
Slack : -0.242
TNS   : -0.662

Type  : Fast 1200mV 0C Model Hold 'clk'
Slack : 0.185
TNS   : 0.000

Type  : Fast 1200mV 0C Model Hold 'binCounter_5bit:cnt|flipFlopDPET:ff0|Q'
Slack : 1.028
TNS   : 0.000

Type  : Fast 1200mV 0C Model Minimum Pulse Width 'clk'
Slack : -3.000
TNS   : -17.394

Type  : Fast 1200mV 0C Model Minimum Pulse Width 'binCounter_5bit:cnt|flipFlopDPET:ff0|Q'
Slack : -1.000
TNS   : -1.000

------------------------------------------------------------
